2026-09-07 05:04:35.629: [INFO] OnDoneLoading sync enabled: 0
2026-09-16 07:44:06.432: [INFO] CurrentProfilePath: S:\99 教員用データ\佐藤世成\import_java\RPG\.metadata\.plugins\org.eclipse.swt\EBWebView\Default
2026-09-16 07:44:06.432: [INFO] Profiles total count: 1
2026-09-16 07:44:06.444: [INFO] Profile: name=プロファイル 1 path=S:\99 教員用データ\佐藤世成\import_java\RPG\.metadata\.plugins\org.eclipse.swt\EBWebView\Default lastActive=2026-09-07T05:04:47.089Z
2026-09-16 07:44:06.444: [INFO] LastUsedProfileDir: S:\99 教員用データ\佐藤世成\import_java\RPG\.metadata\.plugins\org.eclipse.swt\EBWebView\Default
2026-09-16 07:44:06.444: [INFO] MostRecentlyActiveProfile: name=プロファイル 1 path=S:\99 教員用データ\佐藤世成\import_java\RPG\.metadata\.plugins\org.eclipse.swt\EBWebView\Default lastActive=2026-09-07T05:04:47.089Z
2026-09-16 07:44:06.444: [INFO] OnDoneLoading sync enabled: 0
2026-09-16 07:44:06.444: [INFO] BookmarkModelLoaded, ids_reassigned: 0
2026-09-16 07:44:06.444: [INFO] BookmarksLoadDropped droppedNodes=0
2026-09-16 07:44:06.444: [INFO] BookmarksSnapshot Startup total=0 bar=0 other=0 mobile=0 showBar=0 showBarNTP=1
2026-09-16 07:44:37.415: [INFO] BookmarksSnapshot Shutdown total=0 bar=0 other=0 mobile=0 showBar=0 showBarNTP=1
2026-09-16 07:45:13.276: [INFO] CurrentProfilePath: S:\99 教員用データ\佐藤世成\import_java\RPG\.metadata\.plugins\org.eclipse.swt\EBWebView\Default
2026-09-16 07:45:13.276: [INFO] Profiles total count: 1
2026-09-16 07:45:13.276: [INFO] Profile: name=プロファイル 1 path=S:\99 教員用データ\佐藤世成\import_java\RPG\.metadata\.plugins\org.eclipse.swt\EBWebView\Default lastActive=2026-09-16T07:44:13.658Z
2026-09-16 07:45:13.276: [INFO] LastUsedProfileDir: S:\99 教員用データ\佐藤世成\import_java\RPG\.metadata\.plugins\org.eclipse.swt\EBWebView\Default
2026-09-16 07:45:13.276: [INFO] MostRecentlyActiveProfile: name=プロファイル 1 path=S:\99 教員用データ\佐藤世成\import_java\RPG\.metadata\.plugins\org.eclipse.swt\EBWebView\Default lastActive=2026-09-16T07:44:13.658Z
2026-09-16 07:45:13.276: [INFO] OnDoneLoading sync enabled: 0
2026-09-16 07:45:13.276: [INFO] BookmarkModelLoaded, ids_reassigned: 0
2026-09-16 07:45:13.276: [INFO] BookmarksLoadDropped droppedNodes=0
2026-09-16 07:45:13.276: [INFO] BookmarksSnapshot Startup total=0 bar=0 other=0 mobile=0 showBar=0 showBarNTP=1
2026-09-16 07:45:38.717: [INFO] BookmarksSnapshot Shutdown total=0 bar=0 other=0 mobile=0 showBar=0 showBarNTP=1
